<testsuites id="" name="" tests="98" failures="10" skipped="0" errors="0" time="99.428113">
<testsuite name="evacuator-site.test.js" timestamp="2025-07-03T12:06:53.669Z" hostname="chromium" tests="14" failures="1" skipped="0" time="56.354" errors="0">
<testcase name="Сайт эвакуатора - Основная функциональность › Проверка загрузки главной страницы" classname="evacuator-site.test.js" time="3.875">
</testcase>
<testcase name="Сайт эвакуатора - Основная функциональность › Проверка работы калькулятора стоимости" classname="evacuator-site.test.js" time="3.88">
</testcase>
<testcase name="Сайт эвакуатора - Основная функциональность › Проверка модального окна обратного звонка" classname="evacuator-site.test.js" time="4.4">
</testcase>
<testcase name="Сайт эвакуатора - Основная функциональность › Проверка работы FAQ секции" classname="evacuator-site.test.js" time="4.43">
</testcase>
<testcase name="Сайт эвакуатора - Основная функциональность › Проверка адаптивности на мобильных устройствах" classname="evacuator-site.test.js" time="4.71">
</testcase>
<testcase name="Сайт эвакуатора - Основная функциональность › Проверка ссылок и навигации" classname="evacuator-site.test.js" time="4.506">
</testcase>
<testcase name="Сайт эвакуатора - Основная функциональность › Проверка анимаций и эффектов" classname="evacuator-site.test.js" time="8.173">
<failure message="evacuator-site.test.js:116:5 Проверка анимаций и эффектов" type="FAILURE">
<![CDATA[  [chromium] › evacuator-site.test.js:116:5 › Сайт эвакуатора - Основная функциональность › Проверка анимаций и эффектов 

    Error: Timed out 5000ms waiting for expect(locator).toHaveCSS(expected)

    Locator: locator('.countdown')
    Expected string: "pulse"
    Received: <element(s) not found>
    Call log:
      - Expect "toHaveCSS" with timeout 5000ms
      - waiting for locator('.countdown')


      121 |         // Проверяем пульсацию счетчика
      122 |         const countdown = page.locator('.countdown');
    > 123 |         await expect(countdown).toHaveCSS('animation-name', 'pulse');
          |                                 ^
      124 |         
      125 |         // Проверяем hover эффекты на карточках
      126 |         const firstAdvantage = page.locator('.advantage').first();
        at C:\Users\ALEX_Business\Desktop\Eva\tests\evacuator-site.test.js:123:33

    attachment #1: screenshot (image/png) ──────────────────────────────────────────────────────────
    test-results\evacuator-site-Сайт-эвакуа-7d36b-роверка-анимаций-и-эффектов-chromium\test-failed-1.png
    ────────────────────────────────────────────────────────────────────────────────────────────────

    attachment #2: video (video/webm) ──────────────────────────────────────────────────────────────
    test-results\evacuator-site-Сайт-эвакуа-7d36b-роверка-анимаций-и-эффектов-chromium\video.webm
    ────────────────────────────────────────────────────────────────────────────────────────────────

    Error Context: ..\test-results\evacuator-site-Сайт-эвакуа-7d36b-роверка-анимаций-и-эффектов-chromium\error-context.md
]]>
</failure>
<system-out>
<![CDATA[
[[ATTACHMENT|test-results\evacuator-site-Сайт-эвакуа-7d36b-роверка-анимаций-и-эффектов-chromium\test-failed-1.png]]

[[ATTACHMENT|test-results\evacuator-site-Сайт-эвакуа-7d36b-роверка-анимаций-и-эффектов-chromium\video.webm]]

[[ATTACHMENT|test-results\evacuator-site-Сайт-эвакуа-7d36b-роверка-анимаций-и-эффектов-chromium\error-context.md]]
]]>
</system-out>
</testcase>
<testcase name="Сайт эвакуатора - Основная функциональность › Проверка доступности (Accessibility)" classname="evacuator-site.test.js" time="3.971">
</testcase>
<testcase name="Сайт эвакуатора - Основная функциональность › Проверка производительности загрузки" classname="evacuator-site.test.js" time="3.055">
</testcase>
<testcase name="Сайт эвакуатора - Основная функциональность › Проверка валидации форм" classname="evacuator-site.test.js" time="3.577">
</testcase>
<testcase name="Сайт эвакуатора - Основная функциональность › Проверка корректности контактной информации" classname="evacuator-site.test.js" time="2.747">
</testcase>
<testcase name="Сайт эвакуатора - Основная функциональность › Проверка SEO элементов" classname="evacuator-site.test.js" time="2.715">
</testcase>
<testcase name="Сайт эвакуатора - Основная функциональность › Проверка интерактивных элементов" classname="evacuator-site.test.js" time="3.418">
</testcase>
<testcase name="Тесты производительности и оптимизации › Проверка размера ресурсов" classname="evacuator-site.test.js" time="2.897">
</testcase>
</testsuite>
<testsuite name="evacuator-site.test.js" timestamp="2025-07-03T12:06:53.669Z" hostname="firefox" tests="14" failures="4" skipped="0" time="110.677" errors="0">
<testcase name="Сайт эвакуатора - Основная функциональность › Проверка загрузки главной страницы" classname="evacuator-site.test.js" time="7.868">
</testcase>
<testcase name="Сайт эвакуатора - Основная функциональность › Проверка работы калькулятора стоимости" classname="evacuator-site.test.js" time="6.773">
</testcase>
<testcase name="Сайт эвакуатора - Основная функциональность › Проверка модального окна обратного звонка" classname="evacuator-site.test.js" time="16.913">
<failure message="evacuator-site.test.js:44:5 Проверка модального окна обратного звонка" type="FAILURE">
<![CDATA[  [firefox] › evacuator-site.test.js:44:5 › Сайт эвакуатора - Основная функциональность › Проверка модального окна обратного звонка 

    TimeoutError: page.click: Timeout 10000ms exceeded.
    Call log:
      - waiting for locator('button:has-text("ПЕРЕЗВОНИТЬ МНЕ")')
        - locator resolved to 3 elements. Proceeding with the first one: <button class="btn btn-secondary" onclick="openCallbackModal()">…</button>
      - attempting click action
        - waiting for element to be visible, enabled and stable
        - element is visible, enabled and stable
        - scrolling into view if needed
        - done scrolling
        - performing click action


      44 |     test('Проверка модального окна обратного звонка', async ({ page }) => {
      45 |         // Открываем модальное окно
    > 46 |         await page.click('button:has-text("ПЕРЕЗВОНИТЬ МНЕ")');
         |                    ^
      47 |         
      48 |         // Проверяем, что модальное окно открылось
      49 |         const modal = page.locator('#callbackModal');
        at C:\Users\ALEX_Business\Desktop\Eva\tests\evacuator-site.test.js:46:20

    attachment #1: screenshot (image/png) ──────────────────────────────────────────────────────────
    test-results\evacuator-site-Сайт-эвакуа-acd83-ьного-окна-обратного-звонка-firefox\test-failed-1.png
    ────────────────────────────────────────────────────────────────────────────────────────────────

    attachment #2: video (video/webm) ──────────────────────────────────────────────────────────────
    test-results\evacuator-site-Сайт-эвакуа-acd83-ьного-окна-обратного-звонка-firefox\video.webm
    ────────────────────────────────────────────────────────────────────────────────────────────────

    Error Context: ..\test-results\evacuator-site-Сайт-эвакуа-acd83-ьного-окна-обратного-звонка-firefox\error-context.md
]]>
</failure>
<system-out>
<![CDATA[
[[ATTACHMENT|test-results\evacuator-site-Сайт-эвакуа-acd83-ьного-окна-обратного-звонка-firefox\test-failed-1.png]]

[[ATTACHMENT|test-results\evacuator-site-Сайт-эвакуа-acd83-ьного-окна-обратного-звонка-firefox\video.webm]]

[[ATTACHMENT|test-results\evacuator-site-Сайт-эвакуа-acd83-ьного-окна-обратного-звонка-firefox\error-context.md]]
]]>
</system-out>
</testcase>
<testcase name="Сайт эвакуатора - Основная функциональность › Проверка работы FAQ секции" classname="evacuator-site.test.js" time="18.306">
<failure message="evacuator-site.test.js:69:5 Проверка работы FAQ секции" type="FAILURE">
<![CDATA[  [firefox] › evacuator-site.test.js:69:5 › Сайт эвакуатора - Основная функциональность › Проверка работы FAQ секции 

    TimeoutError: locator.click: Timeout 10000ms exceeded.
    Call log:
      - waiting for locator('.faq-question').first()
        - locator resolved to <div class="faq-question" onclick="toggleFaq(this)">…</div>
      - attempting click action
        - waiting for element to be visible, enabled and stable


      73 |         // Кликаем на первый вопрос
      74 |         const firstQuestion = page.locator('.faq-question').first();
    > 75 |         await firstQuestion.click();
         |                             ^
      76 |         
      77 |         // Проверяем, что ответ раскрылся
      78 |         const firstAnswer = page.locator('.faq-answer').first();
        at C:\Users\ALEX_Business\Desktop\Eva\tests\evacuator-site.test.js:75:29

    attachment #1: screenshot (image/png) ──────────────────────────────────────────────────────────
    test-results\evacuator-site-Сайт-эвакуа-5bc08--Проверка-работы-FAQ-секции-firefox\test-failed-1.png
    ────────────────────────────────────────────────────────────────────────────────────────────────

    attachment #2: video (video/webm) ──────────────────────────────────────────────────────────────
    test-results\evacuator-site-Сайт-эвакуа-5bc08--Проверка-работы-FAQ-секции-firefox\video.webm
    ────────────────────────────────────────────────────────────────────────────────────────────────

    Error Context: ..\test-results\evacuator-site-Сайт-эвакуа-5bc08--Проверка-работы-FAQ-секции-firefox\error-context.md
]]>
</failure>
<system-out>
<![CDATA[
[[ATTACHMENT|test-results\evacuator-site-Сайт-эвакуа-5bc08--Проверка-работы-FAQ-секции-firefox\test-failed-1.png]]

[[ATTACHMENT|test-results\evacuator-site-Сайт-эвакуа-5bc08--Проверка-работы-FAQ-секции-firefox\video.webm]]

[[ATTACHMENT|test-results\evacuator-site-Сайт-эвакуа-5bc08--Проверка-работы-FAQ-секции-firefox\error-context.md]]
]]>
</system-out>
</testcase>
<testcase name="Сайт эвакуатора - Основная функциональность › Проверка адаптивности на мобильных устройствах" classname="evacuator-site.test.js" time="8.399">
</testcase>
<testcase name="Сайт эвакуатора - Основная функциональность › Проверка ссылок и навигации" classname="evacuator-site.test.js" time="5.552">
</testcase>
<testcase name="Сайт эвакуатора - Основная функциональность › Проверка анимаций и эффектов" classname="evacuator-site.test.js" time="8.47">
<failure message="evacuator-site.test.js:116:5 Проверка анимаций и эффектов" type="FAILURE">
<![CDATA[  [firefox] › evacuator-site.test.js:116:5 › Сайт эвакуатора - Основная функциональность › Проверка анимаций и эффектов 

    Error: Timed out 5000ms waiting for expect(locator).toHaveCSS(expected)

    Locator: locator('.countdown')
    Expected string: "pulse"
    Received: <element(s) not found>
    Call log:
      - Expect "toHaveCSS" with timeout 5000ms
      - waiting for locator('.countdown')


      121 |         // Проверяем пульсацию счетчика
      122 |         const countdown = page.locator('.countdown');
    > 123 |         await expect(countdown).toHaveCSS('animation-name', 'pulse');
          |                                 ^
      124 |         
      125 |         // Проверяем hover эффекты на карточках
      126 |         const firstAdvantage = page.locator('.advantage').first();
        at C:\Users\ALEX_Business\Desktop\Eva\tests\evacuator-site.test.js:123:33

    attachment #1: screenshot (image/png) ──────────────────────────────────────────────────────────
    test-results\evacuator-site-Сайт-эвакуа-7d36b-роверка-анимаций-и-эффектов-firefox\test-failed-1.png
    ────────────────────────────────────────────────────────────────────────────────────────────────

    attachment #2: video (video/webm) ──────────────────────────────────────────────────────────────
    test-results\evacuator-site-Сайт-эвакуа-7d36b-роверка-анимаций-и-эффектов-firefox\video.webm
    ────────────────────────────────────────────────────────────────────────────────────────────────

    Error Context: ..\test-results\evacuator-site-Сайт-эвакуа-7d36b-роверка-анимаций-и-эффектов-firefox\error-context.md
]]>
</failure>
<system-out>
<![CDATA[
[[ATTACHMENT|test-results\evacuator-site-Сайт-эвакуа-7d36b-роверка-анимаций-и-эффектов-firefox\test-failed-1.png]]

[[ATTACHMENT|test-results\evacuator-site-Сайт-эвакуа-7d36b-роверка-анимаций-и-эффектов-firefox\video.webm]]

[[ATTACHMENT|test-results\evacuator-site-Сайт-эвакуа-7d36b-роверка-анимаций-и-эффектов-firefox\error-context.md]]
]]>
</system-out>
</testcase>
<testcase name="Сайт эвакуатора - Основная функциональность › Проверка доступности (Accessibility)" classname="evacuator-site.test.js" time="3.169">
</testcase>
<testcase name="Сайт эвакуатора - Основная функциональность › Проверка производительности загрузки" classname="evacuator-site.test.js" time="3.569">
</testcase>
<testcase name="Сайт эвакуатора - Основная функциональность › Проверка валидации форм" classname="evacuator-site.test.js" time="11.717">
</testcase>
<testcase name="Сайт эвакуатора - Основная функциональность › Проверка корректности контактной информации" classname="evacuator-site.test.js" time="5.835">
</testcase>
<testcase name="Сайт эвакуатора - Основная функциональность › Проверка SEO элементов" classname="evacuator-site.test.js" time="2.852">
</testcase>
<testcase name="Сайт эвакуатора - Основная функциональность › Проверка интерактивных элементов" classname="evacuator-site.test.js" time="6.829">
</testcase>
<testcase name="Тесты производительности и оптимизации › Проверка размера ресурсов" classname="evacuator-site.test.js" time="4.425">
<failure message="evacuator-site.test.js:248:5 Проверка размера ресурсов" type="FAILURE">
<![CDATA[  [firefox] › evacuator-site.test.js:248:5 › Тесты производительности и оптимизации › Проверка размера ресурсов 

    Error: expect(received).toBeLessThan(expected)

    Expected: < 100000
    Received:   102025

      260 |         if (cssResponse) {
      261 |             const cssSize = await cssResponse.body().then(buffer => buffer.length);
    > 262 |             expect(cssSize).toBeLessThan(100000); // Менее 100KB
          |                             ^
      263 |         }
      264 |     });
      265 | }); 
        at C:\Users\ALEX_Business\Desktop\Eva\tests\evacuator-site.test.js:262:29

    attachment #1: screenshot (image/png) ──────────────────────────────────────────────────────────
    test-results\evacuator-site-Тесты-произ-f9a66-и-Проверка-размера-ресурсов-firefox\test-failed-1.png
    ────────────────────────────────────────────────────────────────────────────────────────────────

    attachment #2: video (video/webm) ──────────────────────────────────────────────────────────────
    test-results\evacuator-site-Тесты-произ-f9a66-и-Проверка-размера-ресурсов-firefox\video.webm
    ────────────────────────────────────────────────────────────────────────────────────────────────

    Error Context: ..\test-results\evacuator-site-Тесты-произ-f9a66-и-Проверка-размера-ресурсов-firefox\error-context.md
]]>
</failure>
<system-out>
<![CDATA[
[[ATTACHMENT|test-results\evacuator-site-Тесты-произ-f9a66-и-Проверка-размера-ресурсов-firefox\test-failed-1.png]]

[[ATTACHMENT|test-results\evacuator-site-Тесты-произ-f9a66-и-Проверка-размера-ресурсов-firefox\video.webm]]

[[ATTACHMENT|test-results\evacuator-site-Тесты-произ-f9a66-и-Проверка-размера-ресурсов-firefox\error-context.md]]
]]>
</system-out>
</testcase>
</testsuite>
<testsuite name="evacuator-site.test.js" timestamp="2025-07-03T12:06:53.669Z" hostname="webkit" tests="14" failures="1" skipped="0" time="71.809" errors="0">
<testcase name="Сайт эвакуатора - Основная функциональность › Проверка загрузки главной страницы" classname="evacuator-site.test.js" time="3.804">
</testcase>
<testcase name="Сайт эвакуатора - Основная функциональность › Проверка работы калькулятора стоимости" classname="evacuator-site.test.js" time="3.756">
</testcase>
<testcase name="Сайт эвакуатора - Основная функциональность › Проверка модального окна обратного звонка" classname="evacuator-site.test.js" time="7.597">
</testcase>
<testcase name="Сайт эвакуатора - Основная функциональность › Проверка работы FAQ секции" classname="evacuator-site.test.js" time="4.78">
</testcase>
<testcase name="Сайт эвакуатора - Основная функциональность › Проверка адаптивности на мобильных устройствах" classname="evacuator-site.test.js" time="3.336">
</testcase>
<testcase name="Сайт эвакуатора - Основная функциональность › Проверка ссылок и навигации" classname="evacuator-site.test.js" time="3.386">
</testcase>
<testcase name="Сайт эвакуатора - Основная функциональность › Проверка анимаций и эффектов" classname="evacuator-site.test.js" time="9.209">
<failure message="evacuator-site.test.js:116:5 Проверка анимаций и эффектов" type="FAILURE">
<![CDATA[  [webkit] › evacuator-site.test.js:116:5 › Сайт эвакуатора - Основная функциональность › Проверка анимаций и эффектов 

    Error: Timed out 5000ms waiting for expect(locator).toHaveCSS(expected)

    Locator: locator('.countdown')
    Expected string: "pulse"
    Received: <element(s) not found>
    Call log:
      - Expect "toHaveCSS" with timeout 5000ms
      - waiting for locator('.countdown')


      121 |         // Проверяем пульсацию счетчика
      122 |         const countdown = page.locator('.countdown');
    > 123 |         await expect(countdown).toHaveCSS('animation-name', 'pulse');
          |                                 ^
      124 |         
      125 |         // Проверяем hover эффекты на карточках
      126 |         const firstAdvantage = page.locator('.advantage').first();
        at C:\Users\ALEX_Business\Desktop\Eva\tests\evacuator-site.test.js:123:33

    attachment #1: screenshot (image/png) ──────────────────────────────────────────────────────────
    test-results\evacuator-site-Сайт-эвакуа-7d36b-роверка-анимаций-и-эффектов-webkit\test-failed-1.png
    ────────────────────────────────────────────────────────────────────────────────────────────────

    attachment #2: video (video/webm) ──────────────────────────────────────────────────────────────
    test-results\evacuator-site-Сайт-эвакуа-7d36b-роверка-анимаций-и-эффектов-webkit\video.webm
    ────────────────────────────────────────────────────────────────────────────────────────────────

    Error Context: ..\test-results\evacuator-site-Сайт-эвакуа-7d36b-роверка-анимаций-и-эффектов-webkit\error-context.md
]]>
</failure>
<system-out>
<![CDATA[
[[ATTACHMENT|test-results\evacuator-site-Сайт-эвакуа-7d36b-роверка-анимаций-и-эффектов-webkit\test-failed-1.png]]

[[ATTACHMENT|test-results\evacuator-site-Сайт-эвакуа-7d36b-роверка-анимаций-и-эффектов-webkit\video.webm]]

[[ATTACHMENT|test-results\evacuator-site-Сайт-эвакуа-7d36b-роверка-анимаций-и-эффектов-webkit\error-context.md]]
]]>
</system-out>
</testcase>
<testcase name="Сайт эвакуатора - Основная функциональность › Проверка доступности (Accessibility)" classname="evacuator-site.test.js" time="3.466">
</testcase>
<testcase name="Сайт эвакуатора - Основная функциональность › Проверка производительности загрузки" classname="evacuator-site.test.js" time="4.405">
</testcase>
<testcase name="Сайт эвакуатора - Основная функциональность › Проверка валидации форм" classname="evacuator-site.test.js" time="9.984">
</testcase>
<testcase name="Сайт эвакуатора - Основная функциональность › Проверка корректности контактной информации" classname="evacuator-site.test.js" time="3.27">
</testcase>
<testcase name="Сайт эвакуатора - Основная функциональность › Проверка SEO элементов" classname="evacuator-site.test.js" time="3.045">
</testcase>
<testcase name="Сайт эвакуатора - Основная функциональность › Проверка интерактивных элементов" classname="evacuator-site.test.js" time="8.481">
</testcase>
<testcase name="Тесты производительности и оптимизации › Проверка размера ресурсов" classname="evacuator-site.test.js" time="3.29">
</testcase>
</testsuite>
<testsuite name="evacuator-site.test.js" timestamp="2025-07-03T12:06:53.669Z" hostname="Mobile Chrome" tests="14" failures="1" skipped="0" time="47.755" errors="0">
<testcase name="Сайт эвакуатора - Основная функциональность › Проверка загрузки главной страницы" classname="evacuator-site.test.js" time="3.086">
</testcase>
<testcase name="Сайт эвакуатора - Основная функциональность › Проверка работы калькулятора стоимости" classname="evacuator-site.test.js" time="2.86">
</testcase>
<testcase name="Сайт эвакуатора - Основная функциональность › Проверка модального окна обратного звонка" classname="evacuator-site.test.js" time="3.974">
</testcase>
<testcase name="Сайт эвакуатора - Основная функциональность › Проверка работы FAQ секции" classname="evacuator-site.test.js" time="3.223">
</testcase>
<testcase name="Сайт эвакуатора - Основная функциональность › Проверка адаптивности на мобильных устройствах" classname="evacuator-site.test.js" time="2.664">
</testcase>
<testcase name="Сайт эвакуатора - Основная функциональность › Проверка ссылок и навигации" classname="evacuator-site.test.js" time="2.676">
</testcase>
<testcase name="Сайт эвакуатора - Основная функциональность › Проверка анимаций и эффектов" classname="evacuator-site.test.js" time="7.409">
<failure message="evacuator-site.test.js:116:5 Проверка анимаций и эффектов" type="FAILURE">
<![CDATA[  [Mobile Chrome] › evacuator-site.test.js:116:5 › Сайт эвакуатора - Основная функциональность › Проверка анимаций и эффектов 

    Error: Timed out 5000ms waiting for expect(locator).toHaveCSS(expected)

    Locator: locator('.countdown')
    Expected string: "pulse"
    Received: <element(s) not found>
    Call log:
      - Expect "toHaveCSS" with timeout 5000ms
      - waiting for locator('.countdown')


      121 |         // Проверяем пульсацию счетчика
      122 |         const countdown = page.locator('.countdown');
    > 123 |         await expect(countdown).toHaveCSS('animation-name', 'pulse');
          |                                 ^
      124 |         
      125 |         // Проверяем hover эффекты на карточках
      126 |         const firstAdvantage = page.locator('.advantage').first();
        at C:\Users\ALEX_Business\Desktop\Eva\tests\evacuator-site.test.js:123:33

    attachment #1: screenshot (image/png) ──────────────────────────────────────────────────────────
    test-results\evacuator-site-Сайт-эвакуа-7d36b-роверка-анимаций-и-эффектов-Mobile-Chrome\test-failed-1.png
    ────────────────────────────────────────────────────────────────────────────────────────────────

    attachment #2: video (video/webm) ──────────────────────────────────────────────────────────────
    test-results\evacuator-site-Сайт-эвакуа-7d36b-роверка-анимаций-и-эффектов-Mobile-Chrome\video.webm
    ────────────────────────────────────────────────────────────────────────────────────────────────

    Error Context: ..\test-results\evacuator-site-Сайт-эвакуа-7d36b-роверка-анимаций-и-эффектов-Mobile-Chrome\error-context.md
]]>
</failure>
<system-out>
<![CDATA[
[[ATTACHMENT|test-results\evacuator-site-Сайт-эвакуа-7d36b-роверка-анимаций-и-эффектов-Mobile-Chrome\test-failed-1.png]]

[[ATTACHMENT|test-results\evacuator-site-Сайт-эвакуа-7d36b-роверка-анимаций-и-эффектов-Mobile-Chrome\video.webm]]

[[ATTACHMENT|test-results\evacuator-site-Сайт-эвакуа-7d36b-роверка-анимаций-и-эффектов-Mobile-Chrome\error-context.md]]
]]>
</system-out>
</testcase>
<testcase name="Сайт эвакуатора - Основная функциональность › Проверка доступности (Accessibility)" classname="evacuator-site.test.js" time="3.565">
</testcase>
<testcase name="Сайт эвакуатора - Основная функциональность › Проверка производительности загрузки" classname="evacuator-site.test.js" time="3.067">
</testcase>
<testcase name="Сайт эвакуатора - Основная функциональность › Проверка валидации форм" classname="evacuator-site.test.js" time="3.448">
</testcase>
<testcase name="Сайт эвакуатора - Основная функциональность › Проверка корректности контактной информации" classname="evacuator-site.test.js" time="2.428">
</testcase>
<testcase name="Сайт эвакуатора - Основная функциональность › Проверка SEO элементов" classname="evacuator-site.test.js" time="2.649">
</testcase>
<testcase name="Сайт эвакуатора - Основная функциональность › Проверка интерактивных элементов" classname="evacuator-site.test.js" time="4.278">
</testcase>
<testcase name="Тесты производительности и оптимизации › Проверка размера ресурсов" classname="evacuator-site.test.js" time="2.428">
</testcase>
</testsuite>
<testsuite name="evacuator-site.test.js" timestamp="2025-07-03T12:06:53.669Z" hostname="Mobile Safari" tests="14" failures="1" skipped="0" time="75.544" errors="0">
<testcase name="Сайт эвакуатора - Основная функциональность › Проверка загрузки главной страницы" classname="evacuator-site.test.js" time="3.641">
</testcase>
<testcase name="Сайт эвакуатора - Основная функциональность › Проверка работы калькулятора стоимости" classname="evacuator-site.test.js" time="2.906">
</testcase>
<testcase name="Сайт эвакуатора - Основная функциональность › Проверка модального окна обратного звонка" classname="evacuator-site.test.js" time="7.493">
</testcase>
<testcase name="Сайт эвакуатора - Основная функциональность › Проверка работы FAQ секции" classname="evacuator-site.test.js" time="4.447">
</testcase>
<testcase name="Сайт эвакуатора - Основная функциональность › Проверка адаптивности на мобильных устройствах" classname="evacuator-site.test.js" time="3.634">
</testcase>
<testcase name="Сайт эвакуатора - Основная функциональность › Проверка ссылок и навигации" classname="evacuator-site.test.js" time="5.365">
</testcase>
<testcase name="Сайт эвакуатора - Основная функциональность › Проверка анимаций и эффектов" classname="evacuator-site.test.js" time="7.494">
<failure message="evacuator-site.test.js:116:5 Проверка анимаций и эффектов" type="FAILURE">
<![CDATA[  [Mobile Safari] › evacuator-site.test.js:116:5 › Сайт эвакуатора - Основная функциональность › Проверка анимаций и эффектов 

    Error: Timed out 5000ms waiting for expect(locator).toHaveCSS(expected)

    Locator: locator('.countdown')
    Expected string: "pulse"
    Received: <element(s) not found>
    Call log:
      - Expect "toHaveCSS" with timeout 5000ms
      - waiting for locator('.countdown')


      121 |         // Проверяем пульсацию счетчика
      122 |         const countdown = page.locator('.countdown');
    > 123 |         await expect(countdown).toHaveCSS('animation-name', 'pulse');
          |                                 ^
      124 |         
      125 |         // Проверяем hover эффекты на карточках
      126 |         const firstAdvantage = page.locator('.advantage').first();
        at C:\Users\ALEX_Business\Desktop\Eva\tests\evacuator-site.test.js:123:33

    attachment #1: screenshot (image/png) ──────────────────────────────────────────────────────────
    test-results\evacuator-site-Сайт-эвакуа-7d36b-роверка-анимаций-и-эффектов-Mobile-Safari\test-failed-1.png
    ────────────────────────────────────────────────────────────────────────────────────────────────

    attachment #2: video (video/webm) ──────────────────────────────────────────────────────────────
    test-results\evacuator-site-Сайт-эвакуа-7d36b-роверка-анимаций-и-эффектов-Mobile-Safari\video.webm
    ────────────────────────────────────────────────────────────────────────────────────────────────

    Error Context: ..\test-results\evacuator-site-Сайт-эвакуа-7d36b-роверка-анимаций-и-эффектов-Mobile-Safari\error-context.md
]]>
</failure>
<system-out>
<![CDATA[
[[ATTACHMENT|test-results\evacuator-site-Сайт-эвакуа-7d36b-роверка-анимаций-и-эффектов-Mobile-Safari\test-failed-1.png]]

[[ATTACHMENT|test-results\evacuator-site-Сайт-эвакуа-7d36b-роверка-анимаций-и-эффектов-Mobile-Safari\video.webm]]

[[ATTACHMENT|test-results\evacuator-site-Сайт-эвакуа-7d36b-роверка-анимаций-и-эффектов-Mobile-Safari\error-context.md]]
]]>
</system-out>
</testcase>
<testcase name="Сайт эвакуатора - Основная функциональность › Проверка доступности (Accessibility)" classname="evacuator-site.test.js" time="2.876">
</testcase>
<testcase name="Сайт эвакуатора - Основная функциональность › Проверка производительности загрузки" classname="evacuator-site.test.js" time="3.597">
</testcase>
<testcase name="Сайт эвакуатора - Основная функциональность › Проверка валидации форм" classname="evacuator-site.test.js" time="13.656">
</testcase>
<testcase name="Сайт эвакуатора - Основная функциональность › Проверка корректности контактной информации" classname="evacuator-site.test.js" time="6.481">
</testcase>
<testcase name="Сайт эвакуатора - Основная функциональность › Проверка SEO элементов" classname="evacuator-site.test.js" time="2.431">
</testcase>
<testcase name="Сайт эвакуатора - Основная функциональность › Проверка интерактивных элементов" classname="evacuator-site.test.js" time="9.258">
</testcase>
<testcase name="Тесты производительности и оптимизации › Проверка размера ресурсов" classname="evacuator-site.test.js" time="2.265">
</testcase>
</testsuite>
<testsuite name="evacuator-site.test.js" timestamp="2025-07-03T12:06:53.669Z" hostname="Microsoft Edge" tests="14" failures="1" skipped="0" time="60.721" errors="0">
<testcase name="Сайт эвакуатора - Основная функциональность › Проверка загрузки главной страницы" classname="evacuator-site.test.js" time="4.569">
</testcase>
<testcase name="Сайт эвакуатора - Основная функциональность › Проверка работы калькулятора стоимости" classname="evacuator-site.test.js" time="4.505">
</testcase>
<testcase name="Сайт эвакуатора - Основная функциональность › Проверка модального окна обратного звонка" classname="evacuator-site.test.js" time="4.657">
</testcase>
<testcase name="Сайт эвакуатора - Основная функциональность › Проверка работы FAQ секции" classname="evacuator-site.test.js" time="3.331">
</testcase>
<testcase name="Сайт эвакуатора - Основная функциональность › Проверка адаптивности на мобильных устройствах" classname="evacuator-site.test.js" time="2.717">
</testcase>
<testcase name="Сайт эвакуатора - Основная функциональность › Проверка ссылок и навигации" classname="evacuator-site.test.js" time="3.342">
</testcase>
<testcase name="Сайт эвакуатора - Основная функциональность › Проверка анимаций и эффектов" classname="evacuator-site.test.js" time="9.64">
<failure message="evacuator-site.test.js:116:5 Проверка анимаций и эффектов" type="FAILURE">
<![CDATA[  [Microsoft Edge] › evacuator-site.test.js:116:5 › Сайт эвакуатора - Основная функциональность › Проверка анимаций и эффектов 

    Error: Timed out 5000ms waiting for expect(locator).toHaveCSS(expected)

    Locator: locator('.countdown')
    Expected string: "pulse"
    Received: <element(s) not found>
    Call log:
      - Expect "toHaveCSS" with timeout 5000ms
      - waiting for locator('.countdown')


      121 |         // Проверяем пульсацию счетчика
      122 |         const countdown = page.locator('.countdown');
    > 123 |         await expect(countdown).toHaveCSS('animation-name', 'pulse');
          |                                 ^
      124 |         
      125 |         // Проверяем hover эффекты на карточках
      126 |         const firstAdvantage = page.locator('.advantage').first();
        at C:\Users\ALEX_Business\Desktop\Eva\tests\evacuator-site.test.js:123:33

    attachment #1: screenshot (image/png) ──────────────────────────────────────────────────────────
    test-results\evacuator-site-Сайт-эвакуа-7d36b-роверка-анимаций-и-эффектов-Microsoft-Edge\test-failed-1.png
    ────────────────────────────────────────────────────────────────────────────────────────────────

    attachment #2: video (video/webm) ──────────────────────────────────────────────────────────────
    test-results\evacuator-site-Сайт-эвакуа-7d36b-роверка-анимаций-и-эффектов-Microsoft-Edge\video.webm
    ────────────────────────────────────────────────────────────────────────────────────────────────

    Error Context: ..\test-results\evacuator-site-Сайт-эвакуа-7d36b-роверка-анимаций-и-эффектов-Microsoft-Edge\error-context.md
]]>
</failure>
<system-out>
<![CDATA[
[[ATTACHMENT|test-results\evacuator-site-Сайт-эвакуа-7d36b-роверка-анимаций-и-эффектов-Microsoft-Edge\test-failed-1.png]]

[[ATTACHMENT|test-results\evacuator-site-Сайт-эвакуа-7d36b-роверка-анимаций-и-эффектов-Microsoft-Edge\video.webm]]

[[ATTACHMENT|test-results\evacuator-site-Сайт-эвакуа-7d36b-роверка-анимаций-и-эффектов-Microsoft-Edge\error-context.md]]
]]>
</system-out>
</testcase>
<testcase name="Сайт эвакуатора - Основная функциональность › Проверка доступности (Accessibility)" classname="evacuator-site.test.js" time="3.061">
</testcase>
<testcase name="Сайт эвакуатора - Основная функциональность › Проверка производительности загрузки" classname="evacuator-site.test.js" time="4.651">
</testcase>
<testcase name="Сайт эвакуатора - Основная функциональность › Проверка валидации форм" classname="evacuator-site.test.js" time="7.837">
</testcase>
<testcase name="Сайт эвакуатора - Основная функциональность › Проверка корректности контактной информации" classname="evacuator-site.test.js" time="2.853">
</testcase>
<testcase name="Сайт эвакуатора - Основная функциональность › Проверка SEO элементов" classname="evacuator-site.test.js" time="3.458">
</testcase>
<testcase name="Сайт эвакуатора - Основная функциональность › Проверка интерактивных элементов" classname="evacuator-site.test.js" time="3.596">
</testcase>
<testcase name="Тесты производительности и оптимизации › Проверка размера ресурсов" classname="evacuator-site.test.js" time="2.504">
</testcase>
</testsuite>
<testsuite name="evacuator-site.test.js" timestamp="2025-07-03T12:06:53.669Z" hostname="Google Chrome" tests="14" failures="1" skipped="0" time="49.721" errors="0">
<testcase name="Сайт эвакуатора - Основная функциональность › Проверка загрузки главной страницы" classname="evacuator-site.test.js" time="2.307">
</testcase>
<testcase name="Сайт эвакуатора - Основная функциональность › Проверка работы калькулятора стоимости" classname="evacuator-site.test.js" time="3.576">
</testcase>
<testcase name="Сайт эвакуатора - Основная функциональность › Проверка модального окна обратного звонка" classname="evacuator-site.test.js" time="4.385">
</testcase>
<testcase name="Сайт эвакуатора - Основная функциональность › Проверка работы FAQ секции" classname="evacuator-site.test.js" time="2.552">
</testcase>
<testcase name="Сайт эвакуатора - Основная функциональность › Проверка адаптивности на мобильных устройствах" classname="evacuator-site.test.js" time="2.878">
</testcase>
<testcase name="Сайт эвакуатора - Основная функциональность › Проверка ссылок и навигации" classname="evacuator-site.test.js" time="3.423">
</testcase>
<testcase name="Сайт эвакуатора - Основная функциональность › Проверка анимаций и эффектов" classname="evacuator-site.test.js" time="7.7">
<failure message="evacuator-site.test.js:116:5 Проверка анимаций и эффектов" type="FAILURE">
<![CDATA[  [Google Chrome] › evacuator-site.test.js:116:5 › Сайт эвакуатора - Основная функциональность › Проверка анимаций и эффектов 

    Error: Timed out 5000ms waiting for expect(locator).toHaveCSS(expected)

    Locator: locator('.countdown')
    Expected string: "pulse"
    Received: <element(s) not found>
    Call log:
      - Expect "toHaveCSS" with timeout 5000ms
      - waiting for locator('.countdown')


      121 |         // Проверяем пульсацию счетчика
      122 |         const countdown = page.locator('.countdown');
    > 123 |         await expect(countdown).toHaveCSS('animation-name', 'pulse');
          |                                 ^
      124 |         
      125 |         // Проверяем hover эффекты на карточках
      126 |         const firstAdvantage = page.locator('.advantage').first();
        at C:\Users\ALEX_Business\Desktop\Eva\tests\evacuator-site.test.js:123:33

    attachment #1: screenshot (image/png) ──────────────────────────────────────────────────────────
    test-results\evacuator-site-Сайт-эвакуа-7d36b-роверка-анимаций-и-эффектов-Google-Chrome\test-failed-1.png
    ────────────────────────────────────────────────────────────────────────────────────────────────

    attachment #2: video (video/webm) ──────────────────────────────────────────────────────────────
    test-results\evacuator-site-Сайт-эвакуа-7d36b-роверка-анимаций-и-эффектов-Google-Chrome\video.webm
    ────────────────────────────────────────────────────────────────────────────────────────────────

    Error Context: ..\test-results\evacuator-site-Сайт-эвакуа-7d36b-роверка-анимаций-и-эффектов-Google-Chrome\error-context.md
]]>
</failure>
<system-out>
<![CDATA[
[[ATTACHMENT|test-results\evacuator-site-Сайт-эвакуа-7d36b-роверка-анимаций-и-эффектов-Google-Chrome\test-failed-1.png]]

[[ATTACHMENT|test-results\evacuator-site-Сайт-эвакуа-7d36b-роверка-анимаций-и-эффектов-Google-Chrome\video.webm]]

[[ATTACHMENT|test-results\evacuator-site-Сайт-эвакуа-7d36b-роверка-анимаций-и-эффектов-Google-Chrome\error-context.md]]
]]>
</system-out>
</testcase>
<testcase name="Сайт эвакуатора - Основная функциональность › Проверка доступности (Accessibility)" classname="evacuator-site.test.js" time="2.855">
</testcase>
<testcase name="Сайт эвакуатора - Основная функциональность › Проверка производительности загрузки" classname="evacuator-site.test.js" time="3.375">
</testcase>
<testcase name="Сайт эвакуатора - Основная функциональность › Проверка валидации форм" classname="evacuator-site.test.js" time="4.003">
</testcase>
<testcase name="Сайт эвакуатора - Основная функциональность › Проверка корректности контактной информации" classname="evacuator-site.test.js" time="2.934">
</testcase>
<testcase name="Сайт эвакуатора - Основная функциональность › Проверка SEO элементов" classname="evacuator-site.test.js" time="3.044">
</testcase>
<testcase name="Сайт эвакуатора - Основная функциональность › Проверка интерактивных элементов" classname="evacuator-site.test.js" time="4.035">
</testcase>
<testcase name="Тесты производительности и оптимизации › Проверка размера ресурсов" classname="evacuator-site.test.js" time="2.654">
</testcase>
</testsuite>
</testsuites>